\BOOKMARK [0][-]{chapter.1}{\376\377\000T\000i\000c\000k\000e\000t\000\040\000S\000y\000s\000t\000e\000m\000\040\040\023\000\040\000P\000r\000o\000j\000e\000k\000t\000\040\000z\000\040\000P\000r\000o\000g\000r\000a\000m\000o\000w\000a\000n\000i\000a\000\040\000O\000b\000i\000e\000k\000t\000o\000w\000e\000g\000o\000\040}{}% 1
\BOOKMARK [1][-]{section.1.1}{\376\377\000O\000p\000i\000s\000\040\000p\000r\000o\000j\000e\000k\000t\000u}{chapter.1}% 2
\BOOKMARK [1][-]{section.1.2}{\376\377\000G\001\102\000\363\000w\000n\000e\000\040\000f\000u\000n\000k\000c\000j\000o\000n\000a\000l\000n\000o\001\133\000c\000i}{chapter.1}% 3
\BOOKMARK [2][-]{subsection.1.2.1}{\376\377\000P\000a\000n\000e\000l\000\040\000k\000l\000i\000e\000n\000t\000a}{section.1.2}% 4
\BOOKMARK [2][-]{subsection.1.2.2}{\376\377\000P\000a\000n\000e\000l\000\040\000a\000d\000m\000i\000n\000i\000s\000t\000r\000a\000t\000o\000r\000a}{section.1.2}% 5
\BOOKMARK [1][-]{section.1.3}{\376\377\000S\000t\000r\000u\000k\000t\000u\000r\000a\000\040\000p\000r\000o\000j\000e\000k\000t\000u}{chapter.1}% 6
\BOOKMARK [2][-]{subsection.1.3.1}{\376\377\000M\000o\000d\000e\000l\000s}{section.1.3}% 7
\BOOKMARK [2][-]{subsection.1.3.2}{\376\377\000S\000e\000r\000v\000i\000c\000e\000s}{section.1.3}% 8
\BOOKMARK [2][-]{subsection.1.3.3}{\376\377\000R\000e\000p\000o\000s\000i\000t\000o\000r\000y}{section.1.3}% 9
\BOOKMARK [2][-]{subsection.1.3.4}{\376\377\000C\000o\000n\000s\000o\000l\000e\000U\000I}{section.1.3}% 10
\BOOKMARK [1][-]{section.1.4}{\376\377\000Z\000a\000s\000t\000o\000s\000o\000w\000a\000n\000e\000\040\000m\000e\000c\000h\000a\000n\000i\000z\000m\000y\000\040\000O\000O\000P}{chapter.1}% 11
\BOOKMARK [2][-]{subsection.1.4.1}{\376\377\000A\000b\000s\000t\000r\000a\000k\000c\000j\000a}{section.1.4}% 12
\BOOKMARK [2][-]{subsection.1.4.2}{\376\377\000D\000z\000i\000e\000d\000z\000i\000c\000z\000e\000n\000i\000e}{section.1.4}% 13
\BOOKMARK [2][-]{subsection.1.4.3}{\376\377\000P\000o\000l\000i\000m\000o\000r\000f\000i\000z\000m}{section.1.4}% 14
\BOOKMARK [1][-]{section.1.5}{\376\377\000A\000u\000t\000o\000r\000z\000y}{chapter.1}% 15
\BOOKMARK [1][-]{section.1.6}{\376\377\000P\000r\000o\000w\000a\000d\000z\001\005\000c\000y}{chapter.1}% 16
\BOOKMARK [1][-]{section.1.7}{\376\377\000S\000e\000m\000e\000s\000t\000r}{chapter.1}% 17
\BOOKMARK [1][-]{section.1.8}{\376\377\000I\000n\000f\000o\000r\000m\000a\000c\000j\000e}{chapter.1}% 18
\BOOKMARK [0][-]{chapter.2}{\376\377\000N\000a\000m\000e\000s\000p\000a\000c\000e\000\040\000I\000n\000d\000e\000x}{}% 19
\BOOKMARK [1][-]{section.2.1}{\376\377\000N\000a\000m\000e\000s\000p\000a\000c\000e\000\040\000L\000i\000s\000t}{chapter.2}% 20
\BOOKMARK [0][-]{chapter.3}{\376\377\000H\000i\000e\000r\000a\000r\000c\000h\000i\000c\000a\000l\000\040\000I\000n\000d\000e\000x}{}% 21
\BOOKMARK [1][-]{section.3.1}{\376\377\000C\000l\000a\000s\000s\000\040\000H\000i\000e\000r\000a\000r\000c\000h\000y}{chapter.3}% 22
\BOOKMARK [0][-]{chapter.4}{\376\377\000C\000l\000a\000s\000s\000\040\000I\000n\000d\000e\000x}{}% 23
\BOOKMARK [1][-]{section.4.1}{\376\377\000C\000l\000a\000s\000s\000\040\000L\000i\000s\000t}{chapter.4}% 24
\BOOKMARK [0][-]{chapter.5}{\376\377\000N\000a\000m\000e\000s\000p\000a\000c\000e\000\040\000D\000o\000c\000u\000m\000e\000n\000t\000a\000t\000i\000o\000n}{}% 25
\BOOKMARK [1][-]{section.5.1}{\376\377\000T\000i\000c\000k\000e\000t\000S\000y\000s\000t\000e\000m\000\040\000N\000a\000m\000e\000s\000p\000a\000c\000e\000\040\000R\000e\000f\000e\000r\000e\000n\000c\000e}{chapter.5}% 26
\BOOKMARK [1][-]{section.5.2}{\376\377\000T\000i\000c\000k\000e\000t\000S\000y\000s\000t\000e\000m\000.\000C\000o\000n\000s\000o\000l\000e\000U\000I\000\040\000N\000a\000m\000e\000s\000p\000a\000c\000e\000\040\000R\000e\000f\000e\000r\000e\000n\000c\000e}{chapter.5}% 27
\BOOKMARK [1][-]{section.5.3}{\376\377\000T\000i\000c\000k\000e\000t\000S\000y\000s\000t\000e\000m\000.\000C\000o\000n\000s\000o\000l\000e\000U\000I\000.\000H\000e\000l\000p\000e\000r\000s\000\040\000N\000a\000m\000e\000s\000p\000a\000c\000e\000\040\000R\000e\000f\000e\000r\000e\000n\000c\000e}{chapter.5}% 28
\BOOKMARK [1][-]{section.5.4}{\376\377\000T\000i\000c\000k\000e\000t\000S\000y\000s\000t\000e\000m\000.\000D\000a\000t\000a\000S\000e\000e\000d\000e\000r\000\040\000N\000a\000m\000e\000s\000p\000a\000c\000e\000\040\000R\000e\000f\000e\000r\000e\000n\000c\000e}{chapter.5}% 29
\BOOKMARK [1][-]{section.5.5}{\376\377\000T\000i\000c\000k\000e\000t\000S\000y\000s\000t\000e\000m\000.\000E\000n\000u\000m\000s\000\040\000N\000a\000m\000e\000s\000p\000a\000c\000e\000\040\000R\000e\000f\000e\000r\000e\000n\000c\000e}{chapter.5}% 30
\BOOKMARK [2][-]{subsection.5.5.1}{\376\377\000E\000n\000u\000m\000e\000r\000a\000t\000i\000o\000n\000\040\000T\000y\000p\000e\000\040\000D\000o\000c\000u\000m\000e\000n\000t\000a\000t\000i\000o\000n}{section.5.5}% 31
\BOOKMARK [3][-]{subsubsection.5.5.1.1}{\376\377\000T\000i\000c\000k\000e\000t\000P\000r\000i\000o\000r\000i\000t\000y}{subsection.5.5.1}% 32
\BOOKMARK [3][-]{subsubsection.5.5.1.2}{\376\377\000T\000i\000c\000k\000e\000t\000S\000t\000a\000t\000u\000s}{subsection.5.5.1}% 33
\BOOKMARK [1][-]{section.5.6}{\376\377\000T\000i\000c\000k\000e\000t\000S\000y\000s\000t\000e\000m\000.\000E\000x\000c\000e\000p\000t\000i\000o\000n\000s\000\040\000N\000a\000m\000e\000s\000p\000a\000c\000e\000\040\000R\000e\000f\000e\000r\000e\000n\000c\000e}{chapter.5}% 34
\BOOKMARK [1][-]{section.5.7}{\376\377\000T\000i\000c\000k\000e\000t\000S\000y\000s\000t\000e\000m\000.\000I\000n\000t\000e\000r\000f\000a\000c\000e\000s\000\040\000N\000a\000m\000e\000s\000p\000a\000c\000e\000\040\000R\000e\000f\000e\000r\000e\000n\000c\000e}{chapter.5}% 35
\BOOKMARK [1][-]{section.5.8}{\376\377\000T\000i\000c\000k\000e\000t\000S\000y\000s\000t\000e\000m\000.\000M\000o\000d\000e\000l\000s\000\040\000N\000a\000m\000e\000s\000p\000a\000c\000e\000\040\000R\000e\000f\000e\000r\000e\000n\000c\000e}{chapter.5}% 36
\BOOKMARK [1][-]{section.5.9}{\376\377\000T\000i\000c\000k\000e\000t\000S\000y\000s\000t\000e\000m\000.\000R\000e\000p\000o\000s\000i\000t\000o\000r\000i\000e\000s\000\040\000N\000a\000m\000e\000s\000p\000a\000c\000e\000\040\000R\000e\000f\000e\000r\000e\000n\000c\000e}{chapter.5}% 37
\BOOKMARK [1][-]{section.5.10}{\376\377\000T\000i\000c\000k\000e\000t\000S\000y\000s\000t\000e\000m\000.\000S\000e\000r\000v\000i\000c\000e\000s\000\040\000N\000a\000m\000e\000s\000p\000a\000c\000e\000\040\000R\000e\000f\000e\000r\000e\000n\000c\000e}{chapter.5}% 38
\BOOKMARK [0][-]{chapter.6}{\376\377\000C\000l\000a\000s\000s\000\040\000D\000o\000c\000u\000m\000e\000n\000t\000a\000t\000i\000o\000n}{}% 39
\BOOKMARK [1][-]{section.6.1}{\376\377\000T\000i\000c\000k\000e\000t\000S\000y\000s\000t\000e\000m\000.\000C\000o\000n\000s\000o\000l\000e\000U\000I\000.\000A\000d\000m\000i\000n\000P\000a\000n\000e\000l\000\040\000C\000l\000a\000s\000s\000\040\000R\000e\000f\000e\000r\000e\000n\000c\000e}{chapter.6}% 40
\BOOKMARK [2][-]{subsection.6.1.1}{\376\377\000D\000e\000t\000a\000i\000l\000e\000d\000\040\000D\000e\000s\000c\000r\000i\000p\000t\000i\000o\000n}{section.6.1}% 41
\BOOKMARK [2][-]{subsection.6.1.2}{\376\377\000C\000o\000n\000s\000t\000r\000u\000c\000t\000o\000r\000\040\000\046\000\040\000D\000e\000s\000t\000r\000u\000c\000t\000o\000r\000\040\000D\000o\000c\000u\000m\000e\000n\000t\000a\000t\000i\000o\000n}{section.6.1}% 42
\BOOKMARK [3][-]{subsubsection.6.1.2.1}{\376\377\000A\000d\000m\000i\000n\000P\000a\000n\000e\000l\000\050\000\051}{subsection.6.1.2}% 43
\BOOKMARK [2][-]{subsection.6.1.3}{\376\377\000M\000e\000m\000b\000e\000r\000\040\000F\000u\000n\000c\000t\000i\000o\000n\000\040\000D\000o\000c\000u\000m\000e\000n\000t\000a\000t\000i\000o\000n}{section.6.1}% 44
\BOOKMARK [3][-]{subsubsection.6.1.3.1}{\376\377\000R\000u\000n\000\050\000\051}{subsection.6.1.3}% 45
\BOOKMARK [2][-]{subsection.6.1.4}{\376\377\000M\000e\000m\000b\000e\000r\000\040\000D\000a\000t\000a\000\040\000D\000o\000c\000u\000m\000e\000n\000t\000a\000t\000i\000o\000n}{section.6.1}% 46
\BOOKMARK [3][-]{subsubsection.6.1.4.1}{\376\377\000\137\000s\000e\000r\000v\000i\000c\000e}{subsection.6.1.4}% 47
\BOOKMARK [1][-]{section.6.2}{\376\377\000T\000i\000c\000k\000e\000t\000S\000y\000s\000t\000e\000m\000.\000M\000o\000d\000e\000l\000s\000.\000B\000u\000g\000T\000i\000c\000k\000e\000t\000\040\000C\000l\000a\000s\000s\000\040\000R\000e\000f\000e\000r\000e\000n\000c\000e}{chapter.6}% 48
\BOOKMARK [2][-]{subsection.6.2.1}{\376\377\000D\000e\000t\000a\000i\000l\000e\000d\000\040\000D\000e\000s\000c\000r\000i\000p\000t\000i\000o\000n}{section.6.2}% 49
\BOOKMARK [2][-]{subsection.6.2.2}{\376\377\000C\000o\000n\000s\000t\000r\000u\000c\000t\000o\000r\000\040\000\046\000\040\000D\000e\000s\000t\000r\000u\000c\000t\000o\000r\000\040\000D\000o\000c\000u\000m\000e\000n\000t\000a\000t\000i\000o\000n}{section.6.2}% 50
\BOOKMARK [3][-]{subsubsection.6.2.2.1}{\376\377\000B\000u\000g\000T\000i\000c\000k\000e\000t\000\050\000\051}{subsection.6.2.2}% 51
\BOOKMARK [2][-]{subsection.6.2.3}{\376\377\000M\000e\000m\000b\000e\000r\000\040\000F\000u\000n\000c\000t\000i\000o\000n\000\040\000D\000o\000c\000u\000m\000e\000n\000t\000a\000t\000i\000o\000n}{section.6.2}% 52
\BOOKMARK [3][-]{subsubsection.6.2.3.1}{\376\377\000G\000e\000t\000E\000s\000t\000i\000m\000a\000t\000e\000d\000R\000e\000s\000o\000l\000u\000t\000i\000o\000n\000T\000i\000m\000e\000\050\000\051}{subsection.6.2.3}% 53
\BOOKMARK [1][-]{section.6.3}{\376\377\000T\000i\000c\000k\000e\000t\000S\000y\000s\000t\000e\000m\000.\000C\000o\000n\000s\000o\000l\000e\000U\000I\000.\000C\000l\000i\000e\000n\000t\000P\000a\000n\000e\000l\000\040\000C\000l\000a\000s\000s\000\040\000R\000e\000f\000e\000r\000e\000n\000c\000e}{chapter.6}% 54
\BOOKMARK [2][-]{subsection.6.3.1}{\376\377\000D\000e\000t\000a\000i\000l\000e\000d\000\040\000D\000e\000s\000c\000r\000i\000p\000t\000i\000o\000n}{section.6.3}% 55
\BOOKMARK [2][-]{subsection.6.3.2}{\376\377\000C\000o\000n\000s\000t\000r\000u\000c\000t\000o\000r\000\040\000\046\000\040\000D\000e\000s\000t\000r\000u\000c\000t\000o\000r\000\040\000D\000o\000c\000u\000m\000e\000n\000t\000a\000t\000i\000o\000n}{section.6.3}% 56
\BOOKMARK [3][-]{subsubsection.6.3.2.1}{\376\377\000C\000l\000i\000e\000n\000t\000P\000a\000n\000e\000l\000\050\000\051}{subsection.6.3.2}% 57
\BOOKMARK [2][-]{subsection.6.3.3}{\376\377\000M\000e\000m\000b\000e\000r\000\040\000F\000u\000n\000c\000t\000i\000o\000n\000\040\000D\000o\000c\000u\000m\000e\000n\000t\000a\000t\000i\000o\000n}{section.6.3}% 58
\BOOKMARK [3][-]{subsubsection.6.3.3.1}{\376\377\000R\000u\000n\000\050\000\051}{subsection.6.3.3}% 59
\BOOKMARK [2][-]{subsection.6.3.4}{\376\377\000M\000e\000m\000b\000e\000r\000\040\000D\000a\000t\000a\000\040\000D\000o\000c\000u\000m\000e\000n\000t\000a\000t\000i\000o\000n}{section.6.3}% 60
\BOOKMARK [3][-]{subsubsection.6.3.4.1}{\376\377\000\137\000s\000e\000r\000v\000i\000c\000e}{subsection.6.3.4}% 61
\BOOKMARK [1][-]{section.6.4}{\376\377\000T\000i\000c\000k\000e\000t\000S\000y\000s\000t\000e\000m\000.\000M\000o\000d\000e\000l\000s\000.\000F\000e\000a\000t\000u\000r\000e\000R\000e\000q\000u\000e\000s\000t\000T\000i\000c\000k\000e\000t\000\040\000C\000l\000a\000s\000s\000\040\000R\000e\000f\000e\000r\000e\000n\000c\000e}{chapter.6}% 62
\BOOKMARK [2][-]{subsection.6.4.1}{\376\377\000D\000e\000t\000a\000i\000l\000e\000d\000\040\000D\000e\000s\000c\000r\000i\000p\000t\000i\000o\000n}{section.6.4}% 63
\BOOKMARK [2][-]{subsection.6.4.2}{\376\377\000C\000o\000n\000s\000t\000r\000u\000c\000t\000o\000r\000\040\000\046\000\040\000D\000e\000s\000t\000r\000u\000c\000t\000o\000r\000\040\000D\000o\000c\000u\000m\000e\000n\000t\000a\000t\000i\000o\000n}{section.6.4}% 64
\BOOKMARK [3][-]{subsubsection.6.4.2.1}{\376\377\000F\000e\000a\000t\000u\000r\000e\000R\000e\000q\000u\000e\000s\000t\000T\000i\000c\000k\000e\000t\000\050\000\051}{subsection.6.4.2}% 65
\BOOKMARK [2][-]{subsection.6.4.3}{\376\377\000M\000e\000m\000b\000e\000r\000\040\000F\000u\000n\000c\000t\000i\000o\000n\000\040\000D\000o\000c\000u\000m\000e\000n\000t\000a\000t\000i\000o\000n}{section.6.4}% 66
\BOOKMARK [3][-]{subsubsection.6.4.3.1}{\376\377\000G\000e\000t\000E\000s\000t\000i\000m\000a\000t\000e\000d\000R\000e\000s\000o\000l\000u\000t\000i\000o\000n\000T\000i\000m\000e\000\050\000\051}{subsection.6.4.3}% 67
\BOOKMARK [1][-]{section.6.5}{\376\377\000T\000i\000c\000k\000e\000t\000S\000y\000s\000t\000e\000m\000.\000R\000e\000p\000o\000s\000i\000t\000o\000r\000i\000e\000s\000.\000I\000n\000M\000e\000m\000o\000r\000y\000T\000i\000c\000k\000e\000t\000R\000e\000p\000o\000s\000i\000t\000o\000r\000y\000\040\000C\000l\000a\000s\000s\000\040\000R\000e\000f\000e\000r\000e\000n\000c\000e}{chapter.6}% 68
\BOOKMARK [2][-]{subsection.6.5.1}{\376\377\000D\000e\000t\000a\000i\000l\000e\000d\000\040\000D\000e\000s\000c\000r\000i\000p\000t\000i\000o\000n}{section.6.5}% 69
\BOOKMARK [2][-]{subsection.6.5.2}{\376\377\000M\000e\000m\000b\000e\000r\000\040\000F\000u\000n\000c\000t\000i\000o\000n\000\040\000D\000o\000c\000u\000m\000e\000n\000t\000a\000t\000i\000o\000n}{section.6.5}% 70
\BOOKMARK [3][-]{subsubsection.6.5.2.1}{\376\377\000A\000d\000d\000\050\000\051}{subsection.6.5.2}% 71
\BOOKMARK [3][-]{subsubsection.6.5.2.2}{\376\377\000G\000e\000t\000A\000l\000l\000\050\000\051}{subsection.6.5.2}% 72
\BOOKMARK [3][-]{subsubsection.6.5.2.3}{\376\377\000G\000e\000t\000B\000y\000I\000d\000\050\000\051}{subsection.6.5.2}% 73
\BOOKMARK [3][-]{subsubsection.6.5.2.4}{\376\377\000R\000e\000m\000o\000v\000e\000\050\000\051}{subsection.6.5.2}% 74
\BOOKMARK [2][-]{subsection.6.5.3}{\376\377\000M\000e\000m\000b\000e\000r\000\040\000D\000a\000t\000a\000\040\000D\000o\000c\000u\000m\000e\000n\000t\000a\000t\000i\000o\000n}{section.6.5}% 75
\BOOKMARK [3][-]{subsubsection.6.5.3.1}{\376\377\000\137\000t\000i\000c\000k\000e\000t\000s}{subsection.6.5.3}% 76
\BOOKMARK [1][-]{section.6.6}{\376\377\000T\000i\000c\000k\000e\000t\000S\000y\000s\000t\000e\000m\000.\000I\000n\000t\000e\000r\000f\000a\000c\000e\000s\000.\000I\000T\000i\000c\000k\000e\000t\000R\000e\000p\000o\000s\000i\000t\000o\000r\000y\000\040\000I\000n\000t\000e\000r\000f\000a\000c\000e\000\040\000R\000e\000f\000e\000r\000e\000n\000c\000e}{chapter.6}% 77
\BOOKMARK [2][-]{subsection.6.6.1}{\376\377\000D\000e\000t\000a\000i\000l\000e\000d\000\040\000D\000e\000s\000c\000r\000i\000p\000t\000i\000o\000n}{section.6.6}% 78
\BOOKMARK [2][-]{subsection.6.6.2}{\376\377\000M\000e\000m\000b\000e\000r\000\040\000F\000u\000n\000c\000t\000i\000o\000n\000\040\000D\000o\000c\000u\000m\000e\000n\000t\000a\000t\000i\000o\000n}{section.6.6}% 79
\BOOKMARK [3][-]{subsubsection.6.6.2.1}{\376\377\000A\000d\000d\000\050\000\051}{subsection.6.6.2}% 80
\BOOKMARK [3][-]{subsubsection.6.6.2.2}{\376\377\000G\000e\000t\000A\000l\000l\000\050\000\051}{subsection.6.6.2}% 81
\BOOKMARK [3][-]{subsubsection.6.6.2.3}{\376\377\000G\000e\000t\000B\000y\000I\000d\000\050\000\051}{subsection.6.6.2}% 82
\BOOKMARK [3][-]{subsubsection.6.6.2.4}{\376\377\000R\000e\000m\000o\000v\000e\000\050\000\051}{subsection.6.6.2}% 83
\BOOKMARK [1][-]{section.6.7}{\376\377\000T\000i\000c\000k\000e\000t\000S\000y\000s\000t\000e\000m\000.\000I\000n\000t\000e\000r\000f\000a\000c\000e\000s\000.\000I\000T\000i\000c\000k\000e\000t\000S\000e\000r\000v\000i\000c\000e\000\040\000I\000n\000t\000e\000r\000f\000a\000c\000e\000\040\000R\000e\000f\000e\000r\000e\000n\000c\000e}{chapter.6}% 84
\BOOKMARK [2][-]{subsection.6.7.1}{\376\377\000D\000e\000t\000a\000i\000l\000e\000d\000\040\000D\000e\000s\000c\000r\000i\000p\000t\000i\000o\000n}{section.6.7}% 85
\BOOKMARK [2][-]{subsection.6.7.2}{\376\377\000M\000e\000m\000b\000e\000r\000\040\000F\000u\000n\000c\000t\000i\000o\000n\000\040\000D\000o\000c\000u\000m\000e\000n\000t\000a\000t\000i\000o\000n}{section.6.7}% 86
\BOOKMARK [3][-]{subsubsection.6.7.2.1}{\376\377\000C\000h\000a\000n\000g\000e\000T\000i\000c\000k\000e\000t\000S\000t\000a\000t\000u\000s\000\050\000\051}{subsection.6.7.2}% 87
\BOOKMARK [3][-]{subsubsection.6.7.2.2}{\376\377\000C\000r\000e\000a\000t\000e\000T\000i\000c\000k\000e\000t\000\050\000\051}{subsection.6.7.2}% 88
\BOOKMARK [3][-]{subsubsection.6.7.2.3}{\376\377\000G\000e\000t\000A\000l\000l\000T\000i\000c\000k\000e\000t\000s\000\050\000\051}{subsection.6.7.2}% 89
\BOOKMARK [1][-]{section.6.8}{\376\377\000T\000i\000c\000k\000e\000t\000S\000y\000s\000t\000e\000m\000.\000C\000o\000n\000s\000o\000l\000e\000U\000I\000.\000M\000e\000n\000u\000S\000e\000r\000v\000i\000c\000e\000\040\000C\000l\000a\000s\000s\000\040\000R\000e\000f\000e\000r\000e\000n\000c\000e}{chapter.6}% 90
\BOOKMARK [2][-]{subsection.6.8.1}{\376\377\000D\000e\000t\000a\000i\000l\000e\000d\000\040\000D\000e\000s\000c\000r\000i\000p\000t\000i\000o\000n}{section.6.8}% 91
\BOOKMARK [2][-]{subsection.6.8.2}{\376\377\000C\000o\000n\000s\000t\000r\000u\000c\000t\000o\000r\000\040\000\046\000\040\000D\000e\000s\000t\000r\000u\000c\000t\000o\000r\000\040\000D\000o\000c\000u\000m\000e\000n\000t\000a\000t\000i\000o\000n}{section.6.8}% 92
\BOOKMARK [3][-]{subsubsection.6.8.2.1}{\376\377\000M\000e\000n\000u\000S\000e\000r\000v\000i\000c\000e\000\050\000\051}{subsection.6.8.2}% 93
\BOOKMARK [2][-]{subsection.6.8.3}{\376\377\000M\000e\000m\000b\000e\000r\000\040\000F\000u\000n\000c\000t\000i\000o\000n\000\040\000D\000o\000c\000u\000m\000e\000n\000t\000a\000t\000i\000o\000n}{section.6.8}% 94
\BOOKMARK [3][-]{subsubsection.6.8.3.1}{\376\377\000S\000t\000a\000r\000t\000\050\000\051}{subsection.6.8.3}% 95
\BOOKMARK [2][-]{subsection.6.8.4}{\376\377\000M\000e\000m\000b\000e\000r\000\040\000D\000a\000t\000a\000\040\000D\000o\000c\000u\000m\000e\000n\000t\000a\000t\000i\000o\000n}{section.6.8}% 96
\BOOKMARK [3][-]{subsubsection.6.8.4.1}{\376\377\000\137\000s\000e\000r\000v\000i\000c\000e}{subsection.6.8.4}% 97
\BOOKMARK [1][-]{section.6.9}{\376\377\000T\000i\000c\000k\000e\000t\000S\000y\000s\000t\000e\000m\000.\000M\000o\000d\000e\000l\000s\000.\000T\000e\000c\000h\000n\000i\000c\000a\000l\000T\000i\000c\000k\000e\000t\000\040\000C\000l\000a\000s\000s\000\040\000R\000e\000f\000e\000r\000e\000n\000c\000e}{chapter.6}% 98
\BOOKMARK [2][-]{subsection.6.9.1}{\376\377\000D\000e\000t\000a\000i\000l\000e\000d\000\040\000D\000e\000s\000c\000r\000i\000p\000t\000i\000o\000n}{section.6.9}% 99
\BOOKMARK [2][-]{subsection.6.9.2}{\376\377\000C\000o\000n\000s\000t\000r\000u\000c\000t\000o\000r\000\040\000\046\000\040\000D\000e\000s\000t\000r\000u\000c\000t\000o\000r\000\040\000D\000o\000c\000u\000m\000e\000n\000t\000a\000t\000i\000o\000n}{section.6.9}% 100
\BOOKMARK [3][-]{subsubsection.6.9.2.1}{\376\377\000T\000e\000c\000h\000n\000i\000c\000a\000l\000T\000i\000c\000k\000e\000t\000\050\000\051}{subsection.6.9.2}% 101
\BOOKMARK [2][-]{subsection.6.9.3}{\376\377\000M\000e\000m\000b\000e\000r\000\040\000F\000u\000n\000c\000t\000i\000o\000n\000\040\000D\000o\000c\000u\000m\000e\000n\000t\000a\000t\000i\000o\000n}{section.6.9}% 102
\BOOKMARK [3][-]{subsubsection.6.9.3.1}{\376\377\000G\000e\000t\000E\000s\000t\000i\000m\000a\000t\000e\000d\000R\000e\000s\000o\000l\000u\000t\000i\000o\000n\000T\000i\000m\000e\000\050\000\051}{subsection.6.9.3}% 103
\BOOKMARK [1][-]{section.6.10}{\376\377\000T\000i\000c\000k\000e\000t\000S\000y\000s\000t\000e\000m\000.\000M\000o\000d\000e\000l\000s\000.\000T\000i\000c\000k\000e\000t\000\040\000C\000l\000a\000s\000s\000\040\000R\000e\000f\000e\000r\000e\000n\000c\000e}{chapter.6}% 104
\BOOKMARK [2][-]{subsection.6.10.1}{\376\377\000D\000e\000t\000a\000i\000l\000e\000d\000\040\000D\000e\000s\000c\000r\000i\000p\000t\000i\000o\000n}{section.6.10}% 105
\BOOKMARK [2][-]{subsection.6.10.2}{\376\377\000C\000o\000n\000s\000t\000r\000u\000c\000t\000o\000r\000\040\000\046\000\040\000D\000e\000s\000t\000r\000u\000c\000t\000o\000r\000\040\000D\000o\000c\000u\000m\000e\000n\000t\000a\000t\000i\000o\000n}{section.6.10}% 106
\BOOKMARK [3][-]{subsubsection.6.10.2.1}{\376\377\000T\000i\000c\000k\000e\000t\000\050\000\051}{subsection.6.10.2}% 107
\BOOKMARK [2][-]{subsection.6.10.3}{\376\377\000M\000e\000m\000b\000e\000r\000\040\000F\000u\000n\000c\000t\000i\000o\000n\000\040\000D\000o\000c\000u\000m\000e\000n\000t\000a\000t\000i\000o\000n}{section.6.10}% 108
\BOOKMARK [3][-]{subsubsection.6.10.3.1}{\376\377\000C\000h\000a\000n\000g\000e\000S\000t\000a\000t\000u\000s\000\050\000\051}{subsection.6.10.3}% 109
\BOOKMARK [3][-]{subsubsection.6.10.3.2}{\376\377\000G\000e\000t\000E\000s\000t\000i\000m\000a\000t\000e\000d\000R\000e\000s\000o\000l\000u\000t\000i\000o\000n\000T\000i\000m\000e\000\050\000\051}{subsection.6.10.3}% 110
\BOOKMARK [2][-]{subsection.6.10.4}{\376\377\000M\000e\000m\000b\000e\000r\000\040\000D\000a\000t\000a\000\040\000D\000o\000c\000u\000m\000e\000n\000t\000a\000t\000i\000o\000n}{section.6.10}% 111
\BOOKMARK [3][-]{subsubsection.6.10.4.1}{\376\377\000\137\000c\000o\000u\000n\000t\000e\000r}{subsection.6.10.4}% 112
\BOOKMARK [2][-]{subsection.6.10.5}{\376\377\000P\000r\000o\000p\000e\000r\000t\000y\000\040\000D\000o\000c\000u\000m\000e\000n\000t\000a\000t\000i\000o\000n}{section.6.10}% 113
\BOOKMARK [3][-]{subsubsection.6.10.5.1}{\376\377\000C\000r\000e\000a\000t\000e\000d\000A\000t}{subsection.6.10.5}% 114
\BOOKMARK [3][-]{subsubsection.6.10.5.2}{\376\377\000D\000e\000s\000c\000r\000i\000p\000t\000i\000o\000n}{subsection.6.10.5}% 115
\BOOKMARK [3][-]{subsubsection.6.10.5.3}{\376\377\000H\000i\000s\000t\000o\000r\000y}{subsection.6.10.5}% 116
\BOOKMARK [3][-]{subsubsection.6.10.5.4}{\376\377\000I\000d}{subsection.6.10.5}% 117
\BOOKMARK [3][-]{subsubsection.6.10.5.5}{\376\377\000L\000a\000s\000t\000A\000c\000t\000i\000o\000n\000B\000y}{subsection.6.10.5}% 118
\BOOKMARK [3][-]{subsubsection.6.10.5.6}{\376\377\000N\000u\000m\000b\000e\000r}{subsection.6.10.5}% 119
\BOOKMARK [3][-]{subsubsection.6.10.5.7}{\376\377\000P\000r\000i\000o\000r\000i\000t\000y}{subsection.6.10.5}% 120
\BOOKMARK [3][-]{subsubsection.6.10.5.8}{\376\377\000S\000t\000a\000t\000u\000s}{subsection.6.10.5}% 121
\BOOKMARK [3][-]{subsubsection.6.10.5.9}{\376\377\000T\000i\000t\000l\000e}{subsection.6.10.5}% 122
\BOOKMARK [1][-]{section.6.11}{\376\377\000T\000i\000c\000k\000e\000t\000S\000y\000s\000t\000e\000m\000.\000E\000x\000c\000e\000p\000t\000i\000o\000n\000s\000.\000T\000i\000c\000k\000e\000t\000E\000x\000c\000e\000p\000t\000i\000o\000n\000\040\000C\000l\000a\000s\000s\000\040\000R\000e\000f\000e\000r\000e\000n\000c\000e}{chapter.6}% 123
\BOOKMARK [2][-]{subsection.6.11.1}{\376\377\000D\000e\000t\000a\000i\000l\000e\000d\000\040\000D\000e\000s\000c\000r\000i\000p\000t\000i\000o\000n}{section.6.11}% 124
\BOOKMARK [2][-]{subsection.6.11.2}{\376\377\000C\000o\000n\000s\000t\000r\000u\000c\000t\000o\000r\000\040\000\046\000\040\000D\000e\000s\000t\000r\000u\000c\000t\000o\000r\000\040\000D\000o\000c\000u\000m\000e\000n\000t\000a\000t\000i\000o\000n}{section.6.11}% 125
\BOOKMARK [3][-]{subsubsection.6.11.2.1}{\376\377\000T\000i\000c\000k\000e\000t\000E\000x\000c\000e\000p\000t\000i\000o\000n\000\050\000\051}{subsection.6.11.2}% 126
\BOOKMARK [1][-]{section.6.12}{\376\377\000T\000i\000c\000k\000e\000t\000S\000y\000s\000t\000e\000m\000.\000M\000o\000d\000e\000l\000s\000.\000T\000i\000c\000k\000e\000t\000H\000i\000s\000t\000o\000r\000y\000E\000n\000t\000r\000y\000\040\000C\000l\000a\000s\000s\000\040\000R\000e\000f\000e\000r\000e\000n\000c\000e}{chapter.6}% 127
\BOOKMARK [2][-]{subsection.6.12.1}{\376\377\000D\000e\000t\000a\000i\000l\000e\000d\000\040\000D\000e\000s\000c\000r\000i\000p\000t\000i\000o\000n}{section.6.12}% 128
\BOOKMARK [2][-]{subsection.6.12.2}{\376\377\000C\000o\000n\000s\000t\000r\000u\000c\000t\000o\000r\000\040\000\046\000\040\000D\000e\000s\000t\000r\000u\000c\000t\000o\000r\000\040\000D\000o\000c\000u\000m\000e\000n\000t\000a\000t\000i\000o\000n}{section.6.12}% 129
\BOOKMARK [3][-]{subsubsection.6.12.2.1}{\376\377\000T\000i\000c\000k\000e\000t\000H\000i\000s\000t\000o\000r\000y\000E\000n\000t\000r\000y\000\050\000\051}{subsection.6.12.2}% 130
\BOOKMARK [2][-]{subsection.6.12.3}{\376\377\000P\000r\000o\000p\000e\000r\000t\000y\000\040\000D\000o\000c\000u\000m\000e\000n\000t\000a\000t\000i\000o\000n}{section.6.12}% 131
\BOOKMARK [3][-]{subsubsection.6.12.3.1}{\376\377\000C\000r\000e\000a\000t\000e\000d\000A\000t}{subsection.6.12.3}% 132
\BOOKMARK [3][-]{subsubsection.6.12.3.2}{\376\377\000M\000e\000s\000s\000a\000g\000e}{subsection.6.12.3}% 133
\BOOKMARK [1][-]{section.6.13}{\376\377\000T\000i\000c\000k\000e\000t\000S\000y\000s\000t\000e\000m\000.\000S\000e\000r\000v\000i\000c\000e\000s\000.\000T\000i\000c\000k\000e\000t\000S\000e\000r\000v\000i\000c\000e\000\040\000C\000l\000a\000s\000s\000\040\000R\000e\000f\000e\000r\000e\000n\000c\000e}{chapter.6}% 134
\BOOKMARK [2][-]{subsection.6.13.1}{\376\377\000D\000e\000t\000a\000i\000l\000e\000d\000\040\000D\000e\000s\000c\000r\000i\000p\000t\000i\000o\000n}{section.6.13}% 135
\BOOKMARK [2][-]{subsection.6.13.2}{\376\377\000C\000o\000n\000s\000t\000r\000u\000c\000t\000o\000r\000\040\000\046\000\040\000D\000e\000s\000t\000r\000u\000c\000t\000o\000r\000\040\000D\000o\000c\000u\000m\000e\000n\000t\000a\000t\000i\000o\000n}{section.6.13}% 136
\BOOKMARK [3][-]{subsubsection.6.13.2.1}{\376\377\000T\000i\000c\000k\000e\000t\000S\000e\000r\000v\000i\000c\000e\000\050\000\051}{subsection.6.13.2}% 137
\BOOKMARK [2][-]{subsection.6.13.3}{\376\377\000M\000e\000m\000b\000e\000r\000\040\000F\000u\000n\000c\000t\000i\000o\000n\000\040\000D\000o\000c\000u\000m\000e\000n\000t\000a\000t\000i\000o\000n}{section.6.13}% 138
\BOOKMARK [3][-]{subsubsection.6.13.3.1}{\376\377\000C\000h\000a\000n\000g\000e\000T\000i\000c\000k\000e\000t\000S\000t\000a\000t\000u\000s\000\050\000\051}{subsection.6.13.3}% 139
\BOOKMARK [3][-]{subsubsection.6.13.3.2}{\376\377\000C\000r\000e\000a\000t\000e\000T\000i\000c\000k\000e\000t\000\050\000\051}{subsection.6.13.3}% 140
\BOOKMARK [3][-]{subsubsection.6.13.3.3}{\376\377\000G\000e\000t\000A\000l\000l\000T\000i\000c\000k\000e\000t\000s\000\050\000\051}{subsection.6.13.3}% 141
\BOOKMARK [2][-]{subsection.6.13.4}{\376\377\000M\000e\000m\000b\000e\000r\000\040\000D\000a\000t\000a\000\040\000D\000o\000c\000u\000m\000e\000n\000t\000a\000t\000i\000o\000n}{section.6.13}% 142
\BOOKMARK [3][-]{subsubsection.6.13.4.1}{\376\377\000\137\000r\000e\000p\000o\000s\000i\000t\000o\000r\000y}{subsection.6.13.4}% 143
\BOOKMARK [0][-]{chapter.7}{\376\377\000T\000e\000s\000t\000\040\000S\000c\000e\000n\000a\000r\000i\000o\000s}{}% 144
\BOOKMARK [1][-]{section.7.1}{\376\377\000T\000i\000c\000k\000e\000t\000S\000y\000s\000t\000e\000m\000.\000T\000e\000s\000t\000s\000.\000P\000r\000o\000j\000e\000c\000t\000T\000e\000s\000t\000s\000\040\000C\000l\000a\000s\000s\000\040\000R\000e\000f\000e\000r\000e\000n\000c\000e}{chapter.7}% 145
\BOOKMARK [2][-]{subsection.7.1.1}{\376\377\000D\000e\000t\000a\000i\000l\000e\000d\000\040\000D\000e\000s\000c\000r\000i\000p\000t\000i\000o\000n}{section.7.1}% 146
\BOOKMARK [2][-]{subsection.7.1.2}{\376\377\000M\000e\000m\000b\000e\000r\000\040\000F\000u\000n\000c\000t\000i\000o\000n\000\040\000D\000o\000c\000u\000m\000e\000n\000t\000a\000t\000i\000o\000n}{section.7.1}% 147
\BOOKMARK [3][-]{subsubsection.7.1.2.1}{\376\377\000S\000u\000m\000m\000a\000r\000y\000\050\000\051}{subsection.7.1.2}% 148
\BOOKMARK [3][-]{subsubsection.7.1.2.2}{\376\377\000T\000e\000s\000t\000C\000h\000a\000n\000g\000e\000T\000i\000c\000k\000e\000t\000S\000t\000a\000t\000u\000s\000\050\000\051}{subsection.7.1.2}% 149
\BOOKMARK [3][-]{subsubsection.7.1.2.3}{\376\377\000T\000e\000s\000t\000C\000r\000e\000a\000t\000e\000T\000i\000c\000k\000e\000t\000\050\000\051}{subsection.7.1.2}% 150
\BOOKMARK [3][-]{subsubsection.7.1.2.4}{\376\377\000T\000e\000s\000t\000E\000x\000c\000e\000p\000t\000i\000o\000n\000H\000a\000n\000d\000l\000i\000n\000g\000\050\000\051}{subsection.7.1.2}% 151
\BOOKMARK [3][-]{subsubsection.7.1.2.5}{\376\377\000T\000e\000s\000t\000P\000o\000l\000y\000m\000o\000r\000p\000h\000i\000s\000m\000\050\000\051}{subsection.7.1.2}% 152
